 name                                              bench_output_1.txt ns/iter  bench_output_1.txt ns/iter  diff ns/iter  diff %  speedup 
 dense::ac_one_byte                                349 (28653 MB/s)            349 (28653 MB/s)                       0   0.00%   x 1.00 
 dense::ac_one_prefix_byte_every_match             112,957 (88 MB/s)           112,957 (88 MB/s)                      0   0.00%   x 1.00 
 dense::ac_one_prefix_byte_no_match                350 (28571 MB/s)            350 (28571 MB/s)                       0   0.00%   x 1.00 
 dense::ac_one_prefix_byte_random                  16,096 (621 MB/s)           16,096 (621 MB/s)                      0   0.00%   x 1.00 
 dense::ac_ten_bytes                               58,588 (170 MB/s)           58,588 (170 MB/s)                      0   0.00%   x 1.00 
 dense::ac_ten_diff_prefix                         58,601 (170 MB/s)           58,601 (170 MB/s)                      0   0.00%   x 1.00 
 dense::ac_ten_one_prefix_byte_every_match         112,920 (88 MB/s)           112,920 (88 MB/s)                      0   0.00%   x 1.00 
 dense::ac_ten_one_prefix_byte_no_match            350 (28571 MB/s)            350 (28571 MB/s)                       0   0.00%   x 1.00 
 dense::ac_ten_one_prefix_byte_random              19,181 (521 MB/s)           19,181 (521 MB/s)                      0   0.00%   x 1.00 
 dense::ac_two_bytes                               3,125 (3200 MB/s)           3,125 (3200 MB/s)                      0   0.00%   x 1.00 
 dense::ac_two_diff_prefix                         3,124 (3201 MB/s)           3,124 (3201 MB/s)                      0   0.00%   x 1.00 
 dense::ac_two_one_prefix_byte_every_match         112,934 (88 MB/s)           112,934 (88 MB/s)                      0   0.00%   x 1.00 
 dense::ac_two_one_prefix_byte_no_match            350 (28571 MB/s)            350 (28571 MB/s)                       0   0.00%   x 1.00 
 dense::ac_two_one_prefix_byte_random              16,511 (605 MB/s)           16,511 (605 MB/s)                      0   0.00%   x 1.00 
 dense_boxed::ac_one_byte                          354 (28248 MB/s)            354 (28248 MB/s)                       0   0.00%   x 1.00 
 dense_boxed::ac_one_prefix_byte_every_match       150,581 (66 MB/s)           150,581 (66 MB/s)                      0   0.00%   x 1.00 
 dense_boxed::ac_one_prefix_byte_no_match          354 (28248 MB/s)            354 (28248 MB/s)                       0   0.00%   x 1.00 
 dense_boxed::ac_one_prefix_byte_random            20,273 (493 MB/s)           20,273 (493 MB/s)                      0   0.00%   x 1.00 
 dense_boxed::ac_ten_bytes                         108,092 (92 MB/s)           108,092 (92 MB/s)                      0   0.00%   x 1.00 
 dense_boxed::ac_ten_diff_prefix                   108,082 (92 MB/s)           108,082 (92 MB/s)                      0   0.00%   x 1.00 
 dense_boxed::ac_ten_one_prefix_byte_every_match   150,561 (66 MB/s)           150,561 (66 MB/s)                      0   0.00%   x 1.00 
 dense_boxed::ac_ten_one_prefix_byte_no_match      354 (28248 MB/s)            354 (28248 MB/s)                       0   0.00%   x 1.00 
 dense_boxed::ac_ten_one_prefix_byte_random        23,684 (422 MB/s)           23,684 (422 MB/s)                      0   0.00%   x 1.00 
 dense_boxed::ac_two_bytes                         3,138 (3186 MB/s)           3,138 (3186 MB/s)                      0   0.00%   x 1.00 
 dense_boxed::ac_two_diff_prefix                   3,138 (3186 MB/s)           3,138 (3186 MB/s)                      0   0.00%   x 1.00 
 dense_boxed::ac_two_one_prefix_byte_every_match   150,571 (66 MB/s)           150,571 (66 MB/s)                      0   0.00%   x 1.00 
 dense_boxed::ac_two_one_prefix_byte_no_match      354 (28248 MB/s)            354 (28248 MB/s)                       0   0.00%   x 1.00 
 dense_boxed::ac_two_one_prefix_byte_random        21,009 (476 MB/s)           21,009 (476 MB/s)                      0   0.00%   x 1.00 
 full::ac_one_byte                                 367 (27247 MB/s)            367 (27247 MB/s)                       0   0.00%   x 1.00 
 full::ac_one_prefix_byte_every_match              27,425 (364 MB/s)           27,425 (364 MB/s)                      0   0.00%   x 1.00 
 full::ac_one_prefix_byte_no_match                 367 (27247 MB/s)            367 (27247 MB/s)                       0   0.00%   x 1.00 
 full::ac_one_prefix_byte_random                   11,076 (902 MB/s)           11,076 (902 MB/s)                      0   0.00%   x 1.00 
 full::ac_ten_bytes                                25,474 (392 MB/s)           25,474 (392 MB/s)                      0   0.00%   x 1.00 
 full::ac_ten_diff_prefix                          25,466 (392 MB/s)           25,466 (392 MB/s)                      0   0.00%   x 1.00 
 full::ac_ten_one_prefix_byte_every_match          27,424 (364 MB/s)           27,424 (364 MB/s)                      0   0.00%   x 1.00 
 full::ac_ten_one_prefix_byte_no_match             367 (27247 MB/s)            367 (27247 MB/s)                       0   0.00%   x 1.00 
 full::ac_ten_one_prefix_byte_random               13,661 (732 MB/s)           13,661 (732 MB/s)                      0   0.00%   x 1.00 
 full::ac_two_bytes                                3,141 (3183 MB/s)           3,141 (3183 MB/s)                      0   0.00%   x 1.00 
 full::ac_two_diff_prefix                          3,141 (3183 MB/s)           3,141 (3183 MB/s)                      0   0.00%   x 1.00 
 full::ac_two_one_prefix_byte_every_match          27,638 (361 MB/s)           27,638 (361 MB/s)                      0   0.00%   x 1.00 
 full::ac_two_one_prefix_byte_no_match             371 (26954 MB/s)            371 (26954 MB/s)                       0   0.00%   x 1.00 
 full::ac_two_one_prefix_byte_random               11,530 (867 MB/s)           11,530 (867 MB/s)                      0   0.00%   x 1.00 
 full_overlap::ac_one_byte                         367 (27247 MB/s)            367 (27247 MB/s)                       0   0.00%   x 1.00 
 full_overlap::ac_one_prefix_byte_every_match      27,972 (357 MB/s)           27,972 (357 MB/s)                      0   0.00%   x 1.00 
 full_overlap::ac_one_prefix_byte_no_match         373 (26809 MB/s)            373 (26809 MB/s)                       0   0.00%   x 1.00 
 full_overlap::ac_one_prefix_byte_random           11,243 (889 MB/s)           11,243 (889 MB/s)                      0   0.00%   x 1.00 
 full_overlap::ac_ten_bytes                        25,754 (388 MB/s)           25,754 (388 MB/s)                      0   0.00%   x 1.00 
 full_overlap::ac_ten_diff_prefix                  25,800 (387 MB/s)           25,800 (387 MB/s)                      0   0.00%   x 1.00 
 full_overlap::ac_ten_one_prefix_byte_every_match  28,046 (356 MB/s)           28,046 (356 MB/s)                      0   0.00%   x 1.00 
 full_overlap::ac_ten_one_prefix_byte_no_match     369 (27100 MB/s)            369 (27100 MB/s)                       0   0.00%   x 1.00 
 full_overlap::ac_ten_one_prefix_byte_random       13,742 (727 MB/s)           13,742 (727 MB/s)                      0   0.00%   x 1.00 
 full_overlap::ac_two_bytes                        3,164 (3160 MB/s)           3,164 (3160 MB/s)                      0   0.00%   x 1.00 
 full_overlap::ac_two_diff_prefix                  3,174 (3150 MB/s)           3,174 (3150 MB/s)                      0   0.00%   x 1.00 
 full_overlap::ac_two_one_prefix_byte_every_match  27,953 (357 MB/s)           27,953 (357 MB/s)                      0   0.00%   x 1.00 
 full_overlap::ac_two_one_prefix_byte_no_match     368 (27173 MB/s)            368 (27173 MB/s)                       0   0.00%   x 1.00 
 full_overlap::ac_two_one_prefix_byte_random       11,514 (868 MB/s)           11,514 (868 MB/s)                      0   0.00%   x 1.00 
 naive_one_byte                                    54,401 (183 MB/s)           54,401 (183 MB/s)                      0   0.00%   x 1.00 
 naive_one_prefix_byte_every_match                 67,674 (147 MB/s)           67,674 (147 MB/s)                      0   0.00%   x 1.00 
 naive_one_prefix_byte_no_match                    71,770 (139 MB/s)           71,770 (139 MB/s)                      0   0.00%   x 1.00 
 naive_one_prefix_byte_random                      84,605 (118 MB/s)           84,605 (118 MB/s)                      0   0.00%   x 1.00 
 naive_ten_bytes                                   469,473 (21 MB/s)           469,473 (21 MB/s)                      0   0.00%   x 1.00 
 naive_ten_diff_prefix                             765,305 (13 MB/s)           765,305 (13 MB/s)                      0   0.00%   x 1.00 
 naive_ten_one_prefix_byte_every_match             725,095 (13 MB/s)           725,095 (13 MB/s)                      0   0.00%   x 1.00 
 naive_ten_one_prefix_byte_no_match                766,842 (13 MB/s)           766,842 (13 MB/s)                      0   0.00%   x 1.00 
 naive_ten_one_prefix_byte_random                  773,612 (12 MB/s)           773,612 (12 MB/s)                      0   0.00%   x 1.00 
 naive_two_bytes                                   97,427 (102 MB/s)           97,427 (102 MB/s)                      0   0.00%   x 1.00 
 naive_two_diff_prefix                             156,699 (63 MB/s)           156,699 (63 MB/s)                      0   0.00%   x 1.00 
 naive_two_one_prefix_byte_every_match             148,126 (67 MB/s)           148,126 (67 MB/s)                      0   0.00%   x 1.00 
 naive_two_one_prefix_byte_no_match                155,087 (64 MB/s)           155,087 (64 MB/s)                      0   0.00%   x 1.00 
 naive_two_one_prefix_byte_random                  158,576 (63 MB/s)           158,576 (63 MB/s)                      0   0.00%   x 1.00 
 sparse::ac_one_byte                               351 (28490 MB/s)            351 (28490 MB/s)                       0   0.00%   x 1.00 
 sparse::ac_one_prefix_byte_every_match            80,074 (124 MB/s)           80,074 (124 MB/s)                      0   0.00%   x 1.00 
 sparse::ac_one_prefix_byte_no_match               355 (28169 MB/s)            355 (28169 MB/s)                       0   0.00%   x 1.00 
 sparse::ac_one_prefix_byte_random                 12,747 (784 MB/s)           12,747 (784 MB/s)                      0   0.00%   x 1.00 
 sparse::ac_ten_bytes                              48,807 (204 MB/s)           48,807 (204 MB/s)                      0   0.00%   x 1.00 
 sparse::ac_ten_diff_prefix                        48,121 (207 MB/s)           48,121 (207 MB/s)                      0   0.00%   x 1.00 
 sparse::ac_ten_one_prefix_byte_every_match        80,429 (124 MB/s)           80,429 (124 MB/s)                      0   0.00%   x 1.00 
 sparse::ac_ten_one_prefix_byte_no_match           351 (28490 MB/s)            351 (28490 MB/s)                       0   0.00%   x 1.00 
 sparse::ac_ten_one_prefix_byte_random             15,244 (656 MB/s)           15,244 (656 MB/s)                      0   0.00%   x 1.00 
 sparse::ac_two_bytes                              3,158 (3166 MB/s)           3,158 (3166 MB/s)                      0   0.00%   x 1.00 
 sparse::ac_two_diff_prefix                        3,158 (3166 MB/s)           3,158 (3166 MB/s)                      0   0.00%   x 1.00 
 sparse::ac_two_one_prefix_byte_every_match        80,318 (124 MB/s)           80,318 (124 MB/s)                      0   0.00%   x 1.00 
 sparse::ac_two_one_prefix_byte_no_match           355 (28169 MB/s)            355 (28169 MB/s)                       0   0.00%   x 1.00 
 sparse::ac_two_one_prefix_byte_random             13,234 (755 MB/s)           13,234 (755 MB/s)                      0   0.00%   x 1.00 
